[backblue.gif]
[fade.gif]
[index.html]
[crypterio-demo.smashingdevs.com/Dark/images/logo.jpg]
[crypterio-demo.smashingdevs.com/Dark/amc/core.js]
[crypterio-demo.smashingdevs.com/Dark/amc/charts.js]
[crypterio-demo.smashingdevs.com/Dark/amc/dark.js]
[crypterio-demo.smashingdevs.com/Dark/amc/animated.js]
[crypterio-demo.smashingdevs.com/Dark/js/jquery.js]
[crypterio-demo.smashingdevs.com/Dark/js/popper.min.js]
[crypterio-demo.smashingdevs.com/Dark/bootstrap/js/bootstrap.bundle.js]
[crypterio-demo.smashingdevs.com/Dark/bootstrap/js/bootstrap.js]
[crypterio-demo.smashingdevs.com/Dark/js/main.js]
[crypterio-demo.smashingdevs.com/Dark/js/amc.js]
[s3.tradingview.com/tv.js]
[crypterio-demo.smashingdevs.com/Dark/exchange.html]
[crypterio-demo.smashingdevs.com/Dark/fonts/cryptofont-webfont.eot]
[crypterio-demo.smashingdevs.com/Dark/fonts/cryptofont-webfont.woff]
[crypterio-demo.smashingdevs.com/Dark/fonts/cryptofont-webfontd41d.eot]
[crypterio-demo.smashingdevs.com/Dark/fonts/cryptofont-webfont.ttf]
[crypterio-demo.smashingdevs.com/Dark/css/icons.css]
[crypterio-demo.smashingdevs.com/Dark/fonts/Pe-icon-7-strokebb1d.eot]
[crypterio-demo.smashingdevs.com/Dark/fonts/Pe-icon-7-stroked41d.eot]
[crypterio-demo.smashingdevs.com/Dark/fonts/Pe-icon-7-strokebb1d.woff]
[crypterio-demo.smashingdevs.com/Dark/fonts/Pe-icon-7-strokebb1d.ttf]
[crypterio-demo.smashingdevs.com/Dark/css/ui.css]
[crypterio-demo.smashingdevs.com/Dark/exchange-2.html]
[crypterio-demo.smashingdevs.com/Dark/exchange-3.html]
[crypterio-demo.smashingdevs.com/Dark/exchange-4.html]
[crypterio-demo.smashingdevs.com/Dark/images/coins/btc.png]
[crypterio-demo.smashingdevs.com/Dark/images/coins/ltc.png]
[crypterio-demo.smashingdevs.com/Dark/images/coins/btcc.png]
[crypterio-demo.smashingdevs.com/Dark/images/coins/xrp.png]
[crypterio-demo.smashingdevs.com/Dark/images/coins/tron.png]
[crypterio-demo.smashingdevs.com/Dark/images/coins/stlr.png]
[crypterio-demo.smashingdevs.com/Dark/images/coins/tether.png]
[crypterio-demo.smashingdevs.com/Dark/images/coins/dash.png]
[crypterio-demo.smashingdevs.com/Dark/images/coins/monero.png]
[crypterio-demo.smashingdevs.com/Dark/js/Chart.min.js]
[crypterio-demo.smashingdevs.com/Dark/js/chart.js]
[crypterio-demo.smashingdevs.com/Dark/market-overview.html]
[crypterio-demo.smashingdevs.com/Dark/images/coins/neo.png]
[crypterio-demo.smashingdevs.com/Dark/images/coins/ethc.png]
[crypterio-demo.smashingdevs.com/Dark/images/coins/zc.png]
[crypterio-demo.smashingdevs.com/Dark/images/coins/nem.png]
[crypterio-demo.smashingdevs.com/Dark/images/coins/cardano.png]
[crypterio-demo.smashingdevs.com/Dark/images/coins/doge.png]
[crypterio-demo.smashingdevs.com/Dark/images/coins/zil.png]
[crypterio-demo.smashingdevs.com/Dark/images/coins/bite.png]
[crypterio-demo.smashingdevs.com/Dark/marketcap.html]
[crypterio-demo.smashingdevs.com/Dark/trading.html]
[crypterio-demo.smashingdevs.com/Dark/withdrawl.html]
[crypterio-demo.smashingdevs.com/Dark/images/logo.png]
[crypterio-demo.smashingdevs.com/Dark/register.html]
[crypterio-demo.smashingdevs.com/Dark/login.html]
[crypterio-demo.smashingdevs.com/Dark/images/empty.png]
[crypterio-demo.smashingdevs.com/Dark/bootstrap/css/bootstrap.min.css]
[crypterio-demo.smashingdevs.com/Dark/images/bg.png]
[crypterio-demo.smashingdevs.com/Dark/css/style.css]
[crypterio-demo.smashingdevs.com/Dark/fonts/cryptofont-webfont.svg]
[crypterio-demo.smashingdevs.com/Dark/fonts/Pe-icon-7-strokebb1d.svg]
[crypterio-demo.smashingdevs.com/Dark/index.html]
[crypterio-demo.smashingdevs.com/Dark/images/download-arrow.svg]
[crypterio-demo.smashingdevs.com/Dark/images/up-arrow.svg]
[crypterio-demo.smashingdevs.com/Dark/images/vip.svg]
[crypterio-demo.smashingdevs.com/Dark/forgot.html]
[crypterio-demo.smashingdevs.com/Dark/images/coins/eth.png]
[crypterio-demo.smashingdevs.com/Dark/images/star.svg]
