[backblue.gif]
[fade.gif]
[index.html]
[crypterio-demo.smashingdevs.com/Light/images/logo.jpg]
[crypterio-demo.smashingdevs.com/Light/amc/core.js]
[crypterio-demo.smashingdevs.com/Light/amc/charts.js]
[crypterio-demo.smashingdevs.com/Light/amc/animated.js]
[crypterio-demo.smashingdevs.com/Light/js/jquery.js]
[crypterio-demo.smashingdevs.com/Light/js/popper.min.js]
[crypterio-demo.smashingdevs.com/Light/bootstrap/js/bootstrap.bundle.js]
[crypterio-demo.smashingdevs.com/Light/bootstrap/js/bootstrap.js]
[crypterio-demo.smashingdevs.com/Light/js/main.js]
[crypterio-demo.smashingdevs.com/Light/js/amc.js]
[s3.tradingview.com/tv.js]
[crypterio-demo.smashingdevs.com/Light/exchange.html]
[crypterio-demo.smashingdevs.com/Light/images/bg.png]
[crypterio-demo.smashingdevs.com/Light/css/style.css]
[crypterio-demo.smashingdevs.com/Light/fonts/cryptofont-webfont.eot]
[crypterio-demo.smashingdevs.com/Light/fonts/cryptofont-webfont.woff]
[crypterio-demo.smashingdevs.com/Light/fonts/cryptofont-webfont.ttf]
[crypterio-demo.smashingdevs.com/Light/fonts/cryptofont-webfontd41d.eot]
[crypterio-demo.smashingdevs.com/Light/css/icons.css]
[crypterio-demo.smashingdevs.com/Light/fonts/Pe-icon-7-strokebb1d.eot]
[crypterio-demo.smashingdevs.com/Light/fonts/Pe-icon-7-stroked41d.eot]
[crypterio-demo.smashingdevs.com/Light/fonts/Pe-icon-7-strokebb1d.woff]
[crypterio-demo.smashingdevs.com/Light/fonts/Pe-icon-7-strokebb1d.ttf]
[crypterio-demo.smashingdevs.com/Light/css/ui.css]
[crypterio-demo.smashingdevs.com/Light/exchange-2.html]
[crypterio-demo.smashingdevs.com/Light/exchange-3.html]
[crypterio-demo.smashingdevs.com/Light/exchange-4.html]
[crypterio-demo.smashingdevs.com/Light/images/coins/ltc.png]
[crypterio-demo.smashingdevs.com/Light/images/coins/btcc.png]
[crypterio-demo.smashingdevs.com/Light/images/coins/xrp.png]
[crypterio-demo.smashingdevs.com/Light/images/coins/tron.png]
[crypterio-demo.smashingdevs.com/Light/images/coins/stlr.png]
[crypterio-demo.smashingdevs.com/Light/images/coins/tether.png]
[crypterio-demo.smashingdevs.com/Light/images/coins/dash.png]
[crypterio-demo.smashingdevs.com/Light/images/coins/monero.png]
[crypterio-demo.smashingdevs.com/Light/js/Chart.min.js]
[crypterio-demo.smashingdevs.com/Light/js/chart.js]
[crypterio-demo.smashingdevs.com/Light/market-overview.html]
[crypterio-demo.smashingdevs.com/Light/images/coins/neo.png]
[crypterio-demo.smashingdevs.com/Light/images/coins/ethc.png]
[crypterio-demo.smashingdevs.com/Light/images/coins/zc.png]
[crypterio-demo.smashingdevs.com/Light/images/coins/nem.png]
[crypterio-demo.smashingdevs.com/Light/images/coins/cardano.png]
[crypterio-demo.smashingdevs.com/Light/images/coins/doge.png]
[crypterio-demo.smashingdevs.com/Light/images/coins/zil.png]
[crypterio-demo.smashingdevs.com/Light/images/coins/bite.png]
[crypterio-demo.smashingdevs.com/Light/marketcap.html]
[crypterio-demo.smashingdevs.com/Light/trading.html]
[crypterio-demo.smashingdevs.com/Light/withdrawl.html]
[crypterio-demo.smashingdevs.com/Light/images/logo.png]
[crypterio-demo.smashingdevs.com/Light/register.html]
[crypterio-demo.smashingdevs.com/Light/login.html]
[crypterio-demo.smashingdevs.com/Light/images/empty.png]
[crypterio-demo.smashingdevs.com/Light/bootstrap/css/bootstrap.min.css]
[crypterio-demo.smashingdevs.com/Light/fonts/cryptofont-webfont.svg]
[crypterio-demo.smashingdevs.com/Light/fonts/Pe-icon-7-strokebb1d.svg]
[crypterio-demo.smashingdevs.com/Light/amc/dark.html]
[crypterio-demo.smashingdevs.com/Light/index.html]
[crypterio-demo.smashingdevs.com/Light/images/download-arrow.svg]
[crypterio-demo.smashingdevs.com/Light/images/up-arrow.svg]
[crypterio-demo.smashingdevs.com/Light/images/vip.svg]
[crypterio-demo.smashingdevs.com/Light/forgot.html]
[crypterio-demo.smashingdevs.com/Light/images/coins/eth.png]
[crypterio-demo.smashingdevs.com/Light/images/coins/btc.png]
[crypterio-demo.smashingdevs.com/Light/images/star.svg]
